Automation Test Execution Report
---------------------------------
Execution Time: 2026-04-08T00:13:16.633978600

UI Test Result: UI Test PASSED
API Test Result: API Test PASSED
